projects/amazon-trend-analyzer/qb_chunks/page_032_skip032000.csv
ASIN Buyability Flag,asin_status,CVR%,revenue,asp,units,gv,Images #,Videos #,Has A+ Content,Buybox Winner,Average Rating,Number of Ratings,bb_price,Ad CTR%,Ad CVR%,bsr,brand,Ad CPC$,ASIN (Description),Update Type,Sold By Amazon,Has Coupon?,Has Store Link?,In Stock Today?,category,Sellable On Hand Units,asin,date,Ad Cost,Ad Sales,Ad Clicks,Ad Impressions,Ad Conversions
In Stock,ACTIVE,,,,,,6.0,0.0,True,,4.3,2778.0,5.59,,,623.0,Arm & Hammer,,"B01KD7QCJC (Arm & Hammer Dental Treats for Dogs, Smoothies, Round Shape, Mint Flavor, Bag (FFP7615) )",[],True,False,True,True,Treats & Chews,,B01KD7QCJC,2026-05-15,,,,,
In Stock,ACTIVE,,50.0,5.59,9.0,,6.0,0.0,True,,4.3,2778.0,5.59,,,617.0,Arm & Hammer,,"B01KD7QCJC (Arm & Hammer Dental Treats for Dogs, Smoothies, Round Shape, Mint Flavor, Bag (FFP7615) )",[],True,False,True,True,Treats & Chews,,B01KD7QCJC,2026-05-14,,,,,
In Stock,ACTIVE,,84.0,5.59,15.0,,6.0,0.0,True,,4.3,2778.0,5.59,,,518.0,Arm & Hammer,,"B01KD7QCJC (Arm & Hammer Dental Treats for Dogs, Smoothies, Round Shape, Mint Flavor, Bag (FFP7615) )",[],True,False,True,True,Treats & Chews,,B01KD7QCJC,2026-05-13,,,,,
In Stock,ACTIVE,,34.0,5.59,6.0,,6.0,0.0,True,,4.3,2777.0,5.59,,,643.0,Arm & Hammer,,"B01KD7QCJC (Arm & Hammer Dental Treats for Dogs, Smoothies, Round Shape, Mint Flavor, Bag (FFP7615) )",[],True,False,True,True,Treats & Chews,,B01KD7QCJC,2026-05-12,,,,,
In Stock,ACTIVE,0.122,76.0,5.4,14.0,115.0,6.0,0.0,True,,4.3,2777.0,6.87,,,789.0,Arm & Hammer,,"B01KD7QCJC (Arm & Hammer Dental Treats for Dogs, Smoothies, Round Shape, Mint Flavor, Bag (FFP7615) )",[],True,True,True,True,Treats & Chews,905.0,B01KD7QCJC,2026-05-11,,,,,
In Stock,ACTIVE,0.75,61.0,6.81,9.0,12.0,6.0,0.0,True,,4.3,2777.0,6.83,,,842.0,Arm & Hammer,,"B01KD7QCJC (Arm & Hammer Dental Treats for Dogs, Smoothies, Round Shape, Mint Flavor, Bag (FFP7615) )",[],True,True,True,True,Treats & Chews,927.0,B01KD7QCJC,2026-05-07,,,,,
In Stock,ACTIVE,0.75,41.0,6.8,6.0,8.0,6.0,0.0,True,,4.3,2778.0,6.88,,,837.0,Arm & Hammer,,"B01KD7QCJC (Arm & Hammer Dental Treats for Dogs, Smoothies, Round Shape, Mint Flavor, Bag (FFP7615) )",[],True,True,True,True,Treats & Chews,929.0,B01KD7QCJC,2026-05-06,,,,,
In Stock,ACTIVE,1.0,41.0,6.9,6.0,6.0,6.0,0.0,True,,4.3,2778.0,6.99,,,949.0,Arm & Hammer,,"B01KD7QCJC (Arm & Hammer Dental Treats for Dogs, Smoothies, Round Shape, Mint Flavor, Bag (FFP7615) )",[],True,True,True,True,Treats & Chews,943.0,B01KD7QCJC,2026-05-04,,,,,
In Stock,ACTIVE,1.4,49.0,6.99,7.0,5.0,6.0,0.0,True,,4.3,2778.0,6.99,,,859.0,Arm & Hammer,,"B01KD7QCJC (Arm & Hammer Dental Treats for Dogs, Smoothies, Round Shape, Mint Flavor, Bag (FFP7615) )",[],True,True,True,True,Treats & Chews,958.0,B01KD7QCJC,2026-05-01,,,,,
In Stock,ACTIVE,-0.2,-7.0,6.99,-1.0,5.0,6.0,0.0,True,,4.3,2778.0,6.99,,,915.0,Arm & Hammer,,"B01KD7QCJC (Arm & Hammer Dental Treats for Dogs, Smoothies, Round Shape, Mint Flavor, Bag (FFP7615) )",[],True,True,True,True,Treats & Chews,961.0,B01KD7QCJC,2026-04-30,,,,,
In Stock,ACTIVE,0.5,21.0,6.99,3.0,6.0,6.0,0.0,True,,4.3,2777.0,6.99,,,859.0,Arm & Hammer,,"B01KD7QCJC (Arm & Hammer Dental Treats for Dogs, Smoothies, Round Shape, Mint Flavor, Bag (FFP7615) )",[],True,True,True,True,Treats & Chews,966.0,B01KD7QCJC,2026-04-29,,,,,
In Stock,ACTIVE,0.6,21.0,6.99,3.0,5.0,6.0,0.0,True,,4.3,2777.0,6.99,,,836.0,Arm & Hammer,,"B01KD7QCJC (Arm & Hammer Dental Treats for Dogs, Smoothies, Round Shape, Mint Flavor, Bag (FFP7615) )",[],True,True,True,True,Treats & Chews,976.0,B01KD7QCJC,2026-04-28,,,,,
In Stock,ACTIVE,9.2,322.0,6.99,46.0,5.0,6.0,0.0,True,,4.3,2777.0,6.99,,,908.0,Arm & Hammer,,"B01KD7QCJC (Arm & Hammer Dental Treats for Dogs, Smoothies, Round Shape, Mint Flavor, Bag (FFP7615) )",[],True,True,True,True,Treats & Chews,1006.0,B01KD7QCJC,2026-04-26,,,,,
In Stock,ACTIVE,0.5,21.0,7.0,3.0,6.0,6.0,0.0,True,,4.3,2777.0,6.99,,,896.0,Arm & Hammer,,"B01KD7QCJC (Arm & Hammer Dental Treats for Dogs, Smoothies, Round Shape, Mint Flavor, Bag (FFP7615) )",[],True,True,True,True,Treats & Chews,1009.0,B01KD7QCJC,2026-04-25,,,,,
In Stock,ACTIVE,0.455,35.0,6.99,5.0,11.0,6.0,0.0,True,,4.3,2777.0,6.99,,,910.0,Arm & Hammer,,"B01KD7QCJC (Arm & Hammer Dental Treats for Dogs, Smoothies, Round Shape, Mint Flavor, Bag (FFP7615) )",[],True,True,True,True,Treats & Chews,1017.0,B01KD7QCJC,2026-04-24,,,,,
In Stock,ACTIVE,1.667,35.0,6.99,5.0,3.0,6.0,0.0,True,,4.3,2778.0,6.99,,,811.0,Arm & Hammer,,"B01KD7QCJC (Arm & Hammer Dental Treats for Dogs, Smoothies, Round Shape, Mint Flavor, Bag (FFP7615) )",[],True,True,True,True,Treats & Chews,996.0,B01KD7QCJC,2026-04-17,,,,,
In Stock,ACTIVE,1.0,41.0,6.89,6.0,6.0,6.0,0.0,True,,4.3,2778.0,6.99,,,940.0,Arm & Hammer,,"B01KD7QCJC (Arm & Hammer Dental Treats for Dogs, Smoothies, Round Shape, Mint Flavor, Bag (FFP7615) )",[],True,True,True,True,Treats & Chews,984.0,B01KD7QCJC,2026-04-16,,,,,
In Stock,ACTIVE,0.25,7.0,6.99,1.0,4.0,6.0,0.0,True,,4.3,2777.0,6.99,,,991.0,Arm & Hammer,,"B01KD7QCJC (Arm & Hammer Dental Treats for Dogs, Smoothies, Round Shape, Mint Flavor, Bag (FFP7615) )",[],True,True,True,False,Treats & Chews,0.0,B01KD7QCJC,2026-04-11,,,,,
In Stock,ACTIVE,0.143,7.0,6.93,1.0,7.0,6.0,0.0,True,,4.3,2777.0,6.96,,,955.0,Arm & Hammer,,"B01KD7QCJC (Arm & Hammer Dental Treats for Dogs, Smoothies, Round Shape, Mint Flavor, Bag (FFP7615) )",[],True,True,True,False,Treats & Chews,240.0,B01KD7QCJC,2026-04-10,,,,,
In Stock,ACTIVE,-0.125,-7.0,7.47,-1.0,8.0,6.0,0.0,True,,4.2,2777.0,6.69,,,885.0,Arm & Hammer,,"B01KD7QCJC (Arm & Hammer Dental Treats for Dogs, Smoothies, Round Shape, Mint Flavor, Bag (FFP7615) )",[],True,True,True,False,Treats & Chews,186.0,B01KD7QCJC,2026-04-09,,,,,
In Stock,ACTIVE,1.143,56.0,6.99,8.0,7.0,7.0,0.0,True,,4.2,2809.0,6.99,,,895.0,Arm & Hammer,,"B01KD7QCJC (Arm & Hammer Dental Treats for Dogs, Smoothies, Round Shape, Mint Flavor, Bag (FFP7615) )",[],True,True,True,False,Treats & Chews,301.0,B01KD7QCJC,2026-02-15,,,,,
In Stock,ACTIVE,0.364,28.0,6.99,4.0,11.0,7.0,0.0,True,,4.2,2809.0,6.99,,,929.0,Arm & Hammer,,"B01KD7QCJC (Arm & Hammer Dental Treats for Dogs, Smoothies, Round Shape, Mint Flavor, Bag (FFP7615) )",[],True,True,True,False,Treats & Chews,308.0,B01KD7QCJC,2026-02-14,,,,,
In Stock,ACTIVE,0.778,98.0,6.99,14.0,18.0,7.0,0.0,True,,4.2,2809.0,6.99,,,852.0,Arm & Hammer,,"B01KD7QCJC (Arm & Hammer Dental Treats for Dogs, Smoothies, Round Shape, Mint Flavor, Bag (FFP7615) )",[],True,True,True,False,Treats & Chews,318.0,B01KD7QCJC,2026-02-13,,,,,
In Stock,ACTIVE,0.0,0.0,,0.0,15.0,7.0,0.0,True,,4.2,2809.0,6.99,,,834.0,Arm & Hammer,,"B01KD7QCJC (Arm & Hammer Dental Treats for Dogs, Smoothies, Round Shape, Mint Flavor, Bag (FFP7615) )",[],True,True,True,False,Treats & Chews,323.0,B01KD7QCJC,2026-02-12,,,,,
In Stock,ACTIVE,0.7859999999999999,77.0,6.99,11.0,14.0,7.0,0.0,True,,4.2,2809.0,6.99,,,880.0,Arm & Hammer,,"B01KD7QCJC (Arm & Hammer Dental Treats for Dogs, Smoothies, Round Shape, Mint Flavor, Bag (FFP7615) )",[],True,True,True,False,Treats & Chews,334.0,B01KD7QCJC,2026-02-11,,,,,
In Stock,ACTIVE,0.565,91.0,6.99,13.0,23.0,7.0,0.0,True,,4.2,2809.0,6.99,,,944.0,Arm & Hammer,,"B01KD7QCJC (Arm & Hammer Dental Treats for Dogs, Smoothies, Round Shape, Mint Flavor, Bag (FFP7615) )",[],True,True,True,False,Treats & Chews,334.0,B01KD7QCJC,2026-02-10,,,,,
In Stock,ACTIVE,0.85,119.0,6.99,17.0,20.0,7.0,0.0,True,,4.2,2809.0,6.99,,,863.0,Arm & Hammer,,"B01KD7QCJC (Arm & Hammer Dental Treats for Dogs, Smoothies, Round Shape, Mint Flavor, Bag (FFP7615) )",[],True,True,True,False,Treats & Chews,356.0,B01KD7QCJC,2026-02-09,,,,,
In Stock,ACTIVE,0.7140000000000001,70.0,6.99,10.0,14.0,7.0,0.0,True,,4.2,2808.0,6.99,,,882.0,Arm & Hammer,,"B01KD7QCJC (Arm & Hammer Dental Treats for Dogs, Smoothies, Round Shape, Mint Flavor, Bag (FFP7615) )",[],True,True,True,False,Treats & Chews,366.0,B01KD7QCJC,2026-02-08,,,,,
In Stock,ACTIVE,0.526,70.0,6.99,10.0,19.0,7.0,0.0,True,,4.2,2808.0,6.99,,,914.0,Arm & Hammer,,"B01KD7QCJC (Arm & Hammer Dental Treats for Dogs, Smoothies, Round Shape, Mint Flavor, Bag (FFP7615) )",[],True,True,True,False,Treats & Chews,381.0,B01KD7QCJC,2026-02-07,,,,,
In Stock,ACTIVE,0.391,63.0,6.99,9.0,23.0,7.0,0.0,True,,4.2,2808.0,6.99,,,840.0,Arm & Hammer,,"B01KD7QCJC (Arm & Hammer Dental Treats for Dogs, Smoothies, Round Shape, Mint Flavor, Bag (FFP7615) )",[],True,True,True,False,Treats & Chews,383.0,B01KD7QCJC,2026-02-06,,,,,
In Stock,ACTIVE,0.154,14.0,6.99,2.0,13.0,7.0,0.0,True,,4.2,2808.0,6.99,,,892.0,Arm & Hammer,,"B01KD7QCJC (Arm & Hammer Dental Treats for Dogs, Smoothies, Round Shape, Mint Flavor, Bag (FFP7615) )",[],True,True,True,False,Treats & Chews,394.0,B01KD7QCJC,2026-02-05,,,,,
In Stock,ACTIVE,0.647,77.0,6.99,11.0,17.0,7.0,0.0,True,,4.2,2808.0,6.99,,,784.0,Arm & Hammer,,"B01KD7QCJC (Arm & Hammer Dental Treats for Dogs, Smoothies, Round Shape, Mint Flavor, Bag (FFP7615) )",[],True,True,True,False,Treats & Chews,407.0,B01KD7QCJC,2026-02-04,,,,,
In Stock,ACTIVE,0.182,14.0,6.99,2.0,11.0,7.0,0.0,True,,4.2,2808.0,6.99,,,768.0,Arm & Hammer,,"B01KD7QCJC (Arm & Hammer Dental Treats for Dogs, Smoothies, Round Shape, Mint Flavor, Bag (FFP7615) )",[],True,True,True,True,Treats & Chews,407.0,B01KD7QCJC,2026-02-03,,,,,
In Stock,ACTIVE,0.55,77.0,6.99,11.0,20.0,7.0,0.0,True,,4.2,2808.0,6.99,,,786.0,Arm & Hammer,,"B01KD7QCJC (Arm & Hammer Dental Treats for Dogs, Smoothies, Round Shape, Mint Flavor, Bag (FFP7615) )",[],True,True,True,True,Treats & Chews,417.0,B01KD7QCJC,2026-02-02,,,,,
In Stock,ACTIVE,0.684,91.0,6.99,13.0,19.0,21.0,0.0,True,,4.2,2808.0,6.99,,,797.0,Arm & Hammer,,"B01KD7QCJC (Arm & Hammer Dental Treats for Dogs, Smoothies, Round Shape, Mint Flavor, Bag (FFP7615) )",[],True,True,True,True,Treats & Chews,432.0,B01KD7QCJC,2026-02-01,,,,,
In Stock,ACTIVE,0.412,49.0,6.99,7.0,17.0,7.0,0.0,True,,4.2,2808.0,6.99,,,877.0,Arm & Hammer,,"B01KD7QCJC (Arm & Hammer Dental Treats for Dogs, Smoothies, Round Shape, Mint Flavor, Bag (FFP7615) )",[],True,True,True,True,Treats & Chews,434.0,B01KD7QCJC,2026-01-31,,,,,
In Stock,ACTIVE,0.7140000000000001,105.0,6.99,15.0,21.0,7.0,0.0,True,,4.2,2808.0,6.99,,,915.0,Arm & Hammer,,"B01KD7QCJC (Arm & Hammer Dental Treats for Dogs, Smoothies, Round Shape, Mint Flavor, Bag (FFP7615) )",[],True,True,True,True,Treats & Chews,456.0,B01KD7QCJC,2026-01-30,,,,,
In Stock,ACTIVE,0.167,21.0,6.99,3.0,18.0,7.0,0.0,True,,4.2,2808.0,6.99,,,877.0,Arm & Hammer,,"B01KD7QCJC (Arm & Hammer Dental Treats for Dogs, Smoothies, Round Shape, Mint Flavor, Bag (FFP7615) )",[],True,True,True,True,Treats & Chews,473.0,B01KD7QCJC,2026-01-29,,,,,
In Stock,ACTIVE,0.5329999999999999,56.0,6.99,8.0,15.0,7.0,0.0,True,,4.2,2808.0,6.99,,,842.0,Arm & Hammer,,"B01KD7QCJC (Arm & Hammer Dental Treats for Dogs, Smoothies, Round Shape, Mint Flavor, Bag (FFP7615) )",[],True,True,True,True,Treats & Chews,478.0,B01KD7QCJC,2026-01-28,,,,,
Short Term OOS,ACTIVE,0.077,7.0,6.69,1.0,13.0,6.0,0.0,True,,4.2,2777.0,6.69,,,897.0,Arm & Hammer,,"B01KD7QCJC (Arm & Hammer Dental Treats for Dogs, Smoothies, Round Shape, Mint Flavor, Bag (FFP7615) )",[],True,True,True,False,Treats & Chews,116.0,B01KD7QCJC,2026-04-08,,,,,
Short Term OOS,ACTIVE,0.333,13.0,6.7,2.0,6.0,6.0,0.0,True,,4.2,2778.0,6.7,,,895.0,Arm & Hammer,,"B01KD7QCJC (Arm & Hammer Dental Treats for Dogs, Smoothies, Round Shape, Mint Flavor, Bag (FFP7615) )",[],True,True,True,False,Treats & Chews,176.0,B01KD7QCJC,2026-04-07,,,,,
Short Term OOS,ACTIVE,2.5,67.0,6.7,10.0,4.0,6.0,0.0,True,,4.2,2778.0,6.7,,,825.0,Arm & Hammer,,"B01KD7QCJC (Arm & Hammer Dental Treats for Dogs, Smoothies, Round Shape, Mint Flavor, Bag (FFP7615) )",[],True,True,True,False,Treats & Chews,410.0,B01KD7QCJC,2026-04-06,,,,,
Short Term OOS,ACTIVE,1.857,87.0,6.7,13.0,7.0,6.0,0.0,True,,4.2,2816.0,6.7,,,947.0,Arm & Hammer,,"B01KD7QCJC (Arm & Hammer Dental Treats for Dogs, Smoothies, Round Shape, Mint Flavor, Bag (FFP7615) )",[],True,True,True,False,Treats & Chews,35.0,B01KD7QCJC,2026-04-04,,,,,
Short Term OOS,ACTIVE,0.545,41.0,6.76,6.0,11.0,6.0,0.0,True,,4.2,2816.0,6.99,,,973.0,Arm & Hammer,,"B01KD7QCJC (Arm & Hammer Dental Treats for Dogs, Smoothies, Round Shape, Mint Flavor, Bag (FFP7615) )",[],True,True,True,False,Treats & Chews,36.0,B01KD7QCJC,2026-04-03,,,,,
Short Term OOS,ACTIVE,0.667,28.0,6.99,4.0,6.0,6.0,0.0,True,,4.2,2816.0,6.99,,,914.0,Arm & Hammer,,"B01KD7QCJC (Arm & Hammer Dental Treats for Dogs, Smoothies, Round Shape, Mint Flavor, Bag (FFP7615) )",[],True,True,True,False,Treats & Chews,40.0,B01KD7QCJC,2026-04-02,,,,,
Short Term OOS,ACTIVE,0.667,28.0,6.99,4.0,6.0,6.0,0.0,True,,4.2,2816.0,6.99,,,951.0,Arm & Hammer,,"B01KD7QCJC (Arm & Hammer Dental Treats for Dogs, Smoothies, Round Shape, Mint Flavor, Bag (FFP7615) )",[],True,True,True,False,Treats & Chews,44.0,B01KD7QCJC,2026-04-01,,,,,
Short Term OOS,ACTIVE,-3.6,-126.0,6.99,-18.0,5.0,6.0,0.0,True,,4.2,2817.0,6.99,,,942.0,Arm & Hammer,,"B01KD7QCJC (Arm & Hammer Dental Treats for Dogs, Smoothies, Round Shape, Mint Flavor, Bag (FFP7615) )",[],True,True,True,False,Treats & Chews,45.0,B01KD7QCJC,2026-03-31,,,,,
Short Term OOS,ACTIVE,11.667,245.0,6.99,35.0,3.0,6.0,0.0,True,,4.2,2816.0,6.99,,,903.0,Arm & Hammer,,"B01KD7QCJC (Arm & Hammer Dental Treats for Dogs, Smoothies, Round Shape, Mint Flavor, Bag (FFP7615) )",[],True,True,True,False,Treats & Chews,48.0,B01KD7QCJC,2026-03-30,,,,,
Short Term OOS,ACTIVE,0.909,70.0,6.99,10.0,11.0,6.0,0.0,True,,4.2,2817.0,6.99,,,894.0,Arm & Hammer,,"B01KD7QCJC (Arm & Hammer Dental Treats for Dogs, Smoothies, Round Shape, Mint Flavor, Bag (FFP7615) )",[],True,True,True,False,Treats & Chews,53.0,B01KD7QCJC,2026-03-29,,,,,
Short Term OOS,ACTIVE,0.222,14.0,6.99,2.0,9.0,6.0,0.0,True,,4.2,2817.0,6.99,,,960.0,Arm & Hammer,,"B01KD7QCJC (Arm & Hammer Dental Treats for Dogs, Smoothies, Round Shape, Mint Flavor, Bag (FFP7615) )",[],True,True,True,False,Treats & Chews,57.0,B01KD7QCJC,2026-03-28,,,,,
Short Term OOS,ACTIVE,1.4,49.0,6.99,7.0,5.0,6.0,0.0,True,,4.2,2817.0,6.99,,,835.0,Arm & Hammer,,"B01KD7QCJC (Arm & Hammer Dental Treats for Dogs, Smoothies, Round Shape, Mint Flavor, Bag (FFP7615) )",[],True,True,True,False,Treats & Chews,71.0,B01KD7QCJC,2026-03-26,,,,,
Short Term OOS,ACTIVE,0.625,35.0,6.99,5.0,8.0,6.0,0.0,True,,4.2,2817.0,6.99,,,833.0,Arm & Hammer,,"B01KD7QCJC (Arm & Hammer Dental Treats for Dogs, Smoothies, Round Shape, Mint Flavor, Bag (FFP7615) )",[],True,True,True,False,Treats & Chews,73.0,B01KD7QCJC,2026-03-25,,,,,
Short Term OOS,ACTIVE,0.5710000000000001,56.0,6.99,8.0,14.0,6.0,0.0,True,,4.2,2816.0,6.99,,,959.0,Arm & Hammer,,"B01KD7QCJC (Arm & Hammer Dental Treats for Dogs, Smoothies, Round Shape, Mint Flavor, Bag (FFP7615) )",[],True,True,True,False,Treats & Chews,84.0,B01KD7QCJC,2026-03-23,,,,,
Short Term OOS,ACTIVE,0.857,84.0,6.99,12.0,14.0,6.0,0.0,True,,4.2,2816.0,6.99,,,891.0,Arm & Hammer,,"B01KD7QCJC (Arm & Hammer Dental Treats for Dogs, Smoothies, Round Shape, Mint Flavor, Bag (FFP7615) )",[],True,True,True,False,Treats & Chews,89.0,B01KD7QCJC,2026-03-22,,,,,
Short Term OOS,ACTIVE,0.417,35.0,6.99,5.0,12.0,6.0,0.0,True,,4.2,2816.0,6.99,,,877.0,Arm & Hammer,,"B01KD7QCJC (Arm & Hammer Dental Treats for Dogs, Smoothies, Round Shape, Mint Flavor, Bag (FFP7615) )",[],True,True,True,False,Treats & Chews,95.0,B01KD7QCJC,2026-03-21,,,,,
Short Term OOS,ACTIVE,0.545,42.0,6.99,6.0,11.0,6.0,0.0,True,,4.2,2815.0,6.99,,,976.0,Arm & Hammer,,"B01KD7QCJC (Arm & Hammer Dental Treats for Dogs, Smoothies, Round Shape, Mint Flavor, Bag (FFP7615) )",[],True,True,True,False,Treats & Chews,96.0,B01KD7QCJC,2026-03-20,,,,,
Short Term OOS,ACTIVE,1.0,56.0,6.99,8.0,8.0,6.0,0.0,True,,4.2,2815.0,6.99,,,914.0,Arm & Hammer,,"B01KD7QCJC (Arm & Hammer Dental Treats for Dogs, Smoothies, Round Shape, Mint Flavor, Bag (FFP7615) )",[],True,True,True,False,Treats & Chews,108.0,B01KD7QCJC,2026-03-19,,,,,
In Stock,FD,0.278,35.0,6.99,5.0,18.0,7.0,0.0,True,,4.2,2806.0,6.99,,,815.0,Arm & Hammer,,"B01KD7QCJC (Arm & Hammer Dental Treats for Dogs, Smoothies, Round Shape, Mint Flavor, Bag (FFP7615) )",[],True,True,True,False,Treats & Chews,594.0,B01KD7QCJC,2026-01-14,,,,,
In Stock,FD,0.643,63.0,6.99,9.0,14.0,7.0,0.0,True,,4.2,2806.0,6.99,,,793.0,Arm & Hammer,,"B01KD7QCJC (Arm & Hammer Dental Treats for Dogs, Smoothies, Round Shape, Mint Flavor, Bag (FFP7615) )",[],True,True,True,False,Treats & Chews,602.0,B01KD7QCJC,2026-01-13,,,,,
In Stock,FD,0.75,63.0,6.99,9.0,12.0,7.0,0.0,True,,4.2,2806.0,6.99,,,801.0,Arm & Hammer,,"B01KD7QCJC (Arm & Hammer Dental Treats for Dogs, Smoothies, Round Shape, Mint Flavor, Bag (FFP7615) )",[],True,True,True,False,Treats & Chews,611.0,B01KD7QCJC,2026-01-12,,,,,
In Stock,FD,0.136,21.0,6.99,3.0,22.0,7.0,0.0,True,,4.2,2806.0,6.99,,,784.0,Arm & Hammer,,"B01KD7QCJC (Arm & Hammer Dental Treats for Dogs, Smoothies, Round Shape, Mint Flavor, Bag (FFP7615) )",[],True,True,True,False,Treats & Chews,616.0,B01KD7QCJC,2026-01-11,,,,,
In Stock,FD,0.32,56.0,6.99,8.0,25.0,7.0,0.0,True,,4.2,2806.0,6.99,,,800.0,Arm & Hammer,,"B01KD7QCJC (Arm & Hammer Dental Treats for Dogs, Smoothies, Round Shape, Mint Flavor, Bag (FFP7615) )",[],True,True,True,False,Treats & Chews,626.0,B01KD7QCJC,2026-01-10,,,,,
In Stock,FD,0.545,42.0,6.99,6.0,11.0,7.0,0.0,True,,4.2,2806.0,6.99,,,787.0,Arm & Hammer,,"B01KD7QCJC (Arm & Hammer Dental Treats for Dogs, Smoothies, Round Shape, Mint Flavor, Bag (FFP7615) )",[],True,True,True,False,Treats & Chews,634.0,B01KD7QCJC,2026-01-09,,,,,
In Stock,FD,0.375,63.0,6.99,9.0,24.0,8.0,0.0,True,,4.2,2806.0,6.99,,,846.0,Arm & Hammer,,"B01KD7QCJC (Arm & Hammer Dental Treats for Dogs, Smoothies, Round Shape, Mint Flavor, Bag (FFP7615) )",[],True,True,True,False,Treats & Chews,651.0,B01KD7QCJC,2026-01-08,,,,,
In Stock,FD,0.5770000000000001,105.0,6.99,15.0,26.0,8.0,0.0,True,,4.2,2806.0,6.99,,,750.0,Arm & Hammer,,"B01KD7QCJC (Arm & Hammer Dental Treats for Dogs, Smoothies, Round Shape, Mint Flavor, Bag (FFP7615) )",[],True,True,True,False,Treats & Chews,665.0,B01KD7QCJC,2026-01-07,,,,,
